[noithatmansion.vn/index.html]
[noithatmansion.vn/xmlrpc.php]
[backblue.gif]
[fade.gif]
[index.html]
[noithatmansion.vn/wp-content/themes/flatsome/assets/js/chunk.countup.fe2c1016.js]
[noithatmansion.vn/wp-content/themes/flatsome/assets/js/chunk.sticky-sidebar.a58a6557.js]
[noithatmansion.vn/wp-content/themes/flatsome/assets/js/chunk.tooltips.29144c1c.js]
[noithatmansion.vn/wp-content/themes/flatsome/assets/js/chunk.vendors-popups.947eca5c.js]
[noithatmansion.vn/wp-content/themes/flatsome/assets/js/chunk.vendors-slider.f0d2cbc9.js]
[noithatmansion.vn/feed/index.html]
[noithatmansion.vn/wp-content/themes/flatsome/assets/css/flatsome2855.css]
[noithatmansion.vn/wp-content/themes/flatsome/assets/css/icons/fl-icons8cc2.eot]
[noithatmansion.vn/comments/feed/index.html]
[noithatmansion.vn/wp-content/themes/flatsome/assets/css/icons/fl-icons.eot]
[noithatmansion.vn/wp-content/themes/flatsome/assets/css/icons/fl-icons8cc2.woff2]
[noithatmansion.vn/wp-content/themes/flatsome/assets/css/icons/fl-icons8cc2.ttf]
[noithatmansion.vn/wp-content/themes/flatsome/assets/css/icons/fl-icons8cc2.woff]
[noithatmansion.vn/wp-content/themes/flatsome/assets/css/icons/fl-icons8cc2.svg]
[noithatmansion.vn/wp-content/themes/flatsome/assets/css/flatsome-shop2855.css]
[noithatmansion.vn/wp-content/themes/noithatmansion/style6aec.css]
[noithatmansion.vn/wp-includes/js/jquery/jquery.minaf6c.js]
[noithatmansion.vn/wp-json/index.html]
[noithatmansion.vn/wp-json/wp/v2/pages/92.json]
[noithatmansion.vn/xmlrpc0db0.php]
[noithatmansion.vn/wp-includes/wlwmanifest.xml]
[noithatmansion.vn/wp-json/oembed/1.0/embed85cd.json]
[noithatmansion.vn/wp-json/oembed/1.0/embedd71e]
[noithatmansion.vn/wp-content/uploads/2022/06/Logo-Mansion-06-medium-100x100.png]
[noithatmansion.vn/wp-content/uploads/2022/06/Logo-Mansion-06-medium.png]
[noithatmansion.vn/wp-content/webgiareorg/public/thirdparty/awesome47/fonts/fontawesome-webfont3e6e.eot]
[noithatmansion.vn/wp-content/webgiareorg/public/thirdparty/awesome47/fonts/fontawesome-webfontd41d.eot]
[noithatmansion.vn/wp-content/webgiareorg/public/thirdparty/awesome47/fonts/fontawesome-webfont3e6e.woff2]
[noithatmansion.vn/wp-content/webgiareorg/public/thirdparty/awesome47/fonts/fontawesome-webfont3e6e.woff]
[noithatmansion.vn/wp-content/webgiareorg/public/thirdparty/awesome47/fonts/fontawesome-webfont3e6e.ttf]
[noithatmansion.vn/wp-content/webgiareorg/public/thirdparty/awesome47/css/font-awesome.min096a.css]
[noithatmansion.vn/wp-content/webgiareorg/public/thirdparty/awesome47/fonts/fontawesome-webfont3e6e.svg]
[noithatmansion.vn/wp-content/webgiareorg/public/css/d45be.css]
[noithatmansion.vn/wp-content/themes/noithatmansion/css/d45be.css]
[noithatmansion.vn/wp-content/webgiareorg/public/javascript/functions45be.js]
[noithatmansion.vn/wp-content/uploads/2022/06/Logo-Mansion-07-medium-1.png]
[noithatmansion.vn/wp-content/uploads/2022/08/mansion-1.jpg]
[noithatmansion.vn/wp-content/uploads/2022/08/mansion-1-1.jpg]
[noithatmansion.vn/gioi-thieu/index.html]
[noithatmansion.vn/wp-content/uploads/2022/08/mansion-2.jpg]
[noithatmansion.vn/wp-content/uploads/2022/08/mansion-3.jpg]
[noithatmansion.vn/wp-content/uploads/2022/08/Google_Maps_icon.png]
[noithatmansion.vn/wp-content/uploads/2022/06/web_basic_2x.png]
[noithatmansion.vn/thi-cong-noi-that-go-oc-cho/index.html]
[noithatmansion.vn/wp-content/uploads/2022/07/Park-city-3.png]
[noithatmansion.vn/wp-content/uploads/2022/07/vinhome-THE-HARMONY.png]
[noithatmansion.vn/wp-content/uploads/2022/07/smart-city.png]
[noithatmansion.vn/wp-content/uploads/2022/07/SKYLAKE.png]
[noithatmansion.vn/thiet-ke-noi-that-go-oc-cho/index.html]
[noithatmansion.vn/wp-content/uploads/2022/07/ocen-park.png]
[noithatmansion.vn/wp-content/uploads/2022/07/metropolis.png]
[noithatmansion.vn/wp-content/uploads/2022/07/GARDENEA.png]
[noithatmansion.vn/wp-content/uploads/2022/07/ECOPARK.png]
[noithatmansion.vn/danh-muc-san-pham/san-pham/index.html]
[noithatmansion.vn/tel_0966856666]
[noithatmansion.vn/danh-muc-san-pham/san-pham/phong-bep/ghe-an/index.html]
[noithatmansion.vn/danh-muc-san-pham/san-pham/phong-bep/ban-ghe-an/index.html]
[noithatmansion.vn/danh-muc-san-pham/san-pham/phong-bep/tu-bep/index.html]
[noithatmansion.vn/danh-muc-san-pham/san-pham/phong-bep/index.html]
[noithatmansion.vn/wp-content/plugins/woocommerce/assets/js/jquery-blockui/jquery.blockUI.minf13c.js]
[noithatmansion.vn/wp-content/plugins/woocommerce/assets/js/frontend/add-to-cart.min8e94.js]
[noithatmansion.vn/wp-content/plugins/woocommerce/assets/js/js-cookie/js.cookie.min1c36.js]
[noithatmansion.vn/wp-content/plugins/woocommerce/assets/js/frontend/woocommerce.min8e94.js]
[noithatmansion.vn/danh-muc-san-pham/san-pham/phong-khach/index.html]
[noithatmansion.vn/danh-muc-san-pham/san-pham/phong-bep/tu-ruou/index.html]
[noithatmansion.vn/wp-content/plugins/woocommerce/assets/js/frontend/cart-fragments.min8e94.js]
[noithatmansion.vn/danh-muc-san-pham/san-pham/phong-khach/sofa-go-oc-cho/index.html]
[noithatmansion.vn/wp-includes/js/dist/vendor/regenerator-runtime.min3937.js]
[noithatmansion.vn/danh-muc-san-pham/san-pham/phong-khach/ban-tra/index.html]
[noithatmansion.vn/wp-includes/js/dist/vendor/wp-polyfill.min2c7c.js]
[noithatmansion.vn/wp-includes/js/hoverIntent.min3e5a.js]
[noithatmansion.vn/wp-content/themes/flatsome/assets/js/flatsome334f.js]
[noithatmansion.vn/wp-content/themes/flatsome/inc/extensions/flatsome-lazy-load/flatsome-lazy-load2855.js]
[noithatmansion.vn/danh-muc-san-pham/san-pham/phong-khach/ke-tivi/index.html]
[noithatmansion.vn/wp-content/themes/flatsome/assets/js/woocommerce48f4.js]
[noithatmansion.vn/wp-content/themes/flatsome/assets/libs/packery.pkgd.min2855.js]
[noithatmansion.vn/wp-content/webgiareorg/public/thirdparty/vuejs-2.6.10/vue.minc60b.js]
[noithatmansion.vn/wp-content/webgiareorg/public/javascript/footer45be.js]
[noithatmansion.vn/danh-muc-san-pham/san-pham/phong-khach/tu-trang-tri/index.html]
[noithatmansion.vn/wp-content/themes/noithatmansion/javascript/d4789.js]
[noithatmansion.vn/index.html]
[noithatmansion.vn/xmlrpc.php]
[noithatmansion.vn/wp-content/themes/flatsome/assets/js/chunk.countup.fe2c1016.js]
[noithatmansion.vn/wp-content/themes/flatsome/assets/js/chunk.sticky-sidebar.a58a6557.js]
[noithatmansion.vn/danh-muc-san-pham/san-pham/phong-ngu/index.html]
[noithatmansion.vn/danh-muc-san-pham/san-pham/phong-ngu/ban-trang-diem/index.html]
[noithatmansion.vn/wp-content/themes/flatsome/assets/js/chunk.tooltips.29144c1c.js]
[noithatmansion.vn/danh-muc-san-pham/san-pham/phong-ngu/giuong-ngu/index.html]
[noithatmansion.vn/danh-muc-san-pham/san-pham/phong-ngu/tu-quan-ao/index.html]
[noithatmansion.vn/wp-content/themes/flatsome/assets/js/chunk.vendors-popups.947eca5c.js]
[noithatmansion.vn/category/review/index.html]
[noithatmansion.vn/wp-content/themes/flatsome/assets/js/chunk.vendors-slider.f0d2cbc9.js]
[noithatmansion.vn/du-an-thiet-ke/index.html]
[noithatmansion.vn/category/tin-tuc/du-an/index.html]
[noithatmansion.vn/du-an-thi-cong/index.html]
[noithatmansion.vn/san-pham/bo-sofa-va-ban-tra-go-oc-cho/index.html]
[noithatmansion.vn/wp-content/themes/flatsome/assets/img/shadow@2x.png]
[noithatmansion.vn/wp-content/themes/flatsome/assets/css/flatsome2855.css]
[noithatmansion.vn/wp-content/themes/flatsome/assets/img/underline.png]
[noithatmansion.vn/san-pham/giuong-ngu-go-oc-cho-hien-dai/index.html]
[noithatmansion.vn/wp-content/themes/flatsome/assets/css/icons/fl-icons8cc2.svg]
[noithatmansion.vn/san-pham/ban-tho-go-oc-cho/index.html]
[noithatmansion.vn/san-pham/ghe-quay-bar-go-oc-cho/index.html]
[noithatmansion.vn/wp-content/themes/flatsome/assets/css/flatsome-shop2855.css]
[noithatmansion.vn/san-pham/tu-bep-go-oc-cho/index.html]
[noithatmansion.vn/san-pham/tu-ruou-go-oc-cho/index.html]
[noithatmansion.vn/wp-content/themes/noithatmansion/style6aec.css]
[noithatmansion.vn/san-pham/ao-so-mi-ngan-tay-06/index.html]
[noithatmansion.vn/wp-includes/js/jquery/jquery.minaf6c.js]
[noithatmansion.vn/san-pham/so-mi-nam-ngan-tay-03/index.html]
[noithatmansion.vn/giuong-ngu-go-oc-cho/index.html]
[noithatmansion.vn/mau-noi-that-go-oc-cho/index.html]
[noithatmansion.vn/san-pham/so-mi-nam-ngan-tay-04/index.html]
[noithatmansion.vn/wp-content/webgiareorg/public/thirdparty/awesome47/fonts/fontawesome-webfont3e6e.svg]
[noithatmansion.vn/noi-that-biet-thu-go-oc-cho/index.html]
[noithatmansion.vn/ke-tivi-go-oc-cho-dep-hien-dai/index.html]
[noithatmansion.vn/noi-that-go-oc-cho-hop-phong-thuy/index.html]
[noithatmansion.vn/wp-content/webgiareorg/public/thirdparty/awesome47/css/font-awesome.min096a.css]
[noithatmansion.vn/noi-that-go-oc-cho-hien-dai/index.html]
[noithatmansion.vn/thiet-ke-nha-o-phong-cach-hien-dai-don-gian-khong-phai-ai-cung-biet/index.html]
[noithatmansion.vn/phong-cach-thiet-ke-hien-dai-trong-thiet-ke-noi-that/index.html]
[noithatmansion.vn/wp-content/webgiareorg/public/css/d45be.css]
[noithatmansion.vn/dac-diem-noi-bat-cua-nha-theo-phong-cach-hien-dai/index.html]
[noithatmansion.vn/6-nguyen-tac-thiet-ke-noi-that-phong-tho-hien-dai-can-phai-ghi-nho/index.html]
[noithatmansion.vn/nang-tam-khong-gian-song-cung-sofa-go-oc-cho-cao-cap/index.html]
[noithatmansion.vn/wp-content/themes/noithatmansion/images/zalo.png]
[noithatmansion.vn/wp-content/themes/noithatmansion/css/d45be.css]
[noithatmansion.vn/xu-huong-thiet-ke-noi-that-nha-bep-hien-dai/index.html]
[noithatmansion.vn/chung-cu-noi-that-go-oc-cho/index.html]
[noithatmansion.vn/wp-content/webgiareorg/public/javascript/functions45be.js]
[noithatmansion.vn/phong-cach-noi-that-go-oc-cho-dinh-cao/index.html]
[noithatmansion.vn/nhung-tac-dung-cua-go-oc-cho/index.html]
[noithatmansion.vn/huong-dan-ve-sinh-ban-tra-go-oc-cho/index.html]
[noithatmansion.vn/chinh-sach-bao-mat/index.html]
[noithatmansion.vn/chinh-sach-ban-hang/index.html]
[noithatmansion.vn/chinh-sach-bao-hanh-bao-tri/index.html]
[noithatmansion.vn/wp-json/wp/v2/pages/799.json]
[noithatmansion.vn/huong-dan-mua-hang/index.html]
[noithatmansion.vn/my-account/index.html]
[noithatmansion.vn/my-account/lost-password/index.html]
[noithatmansion.vn/wp-json/oembed/1.0/embede52e.json]
[noithatmansion.vn/wp-json/oembed/1.0/embed352a]
[noithatmansion.vn/wp-content/uploads/2022/07/Untitled-5-01.jpg]
[noithatmansion.vn/wp-content/uploads/2022/07/60.jpg]
[noithatmansion.vn/gioi-thieu/index.html]
[noithatmansion.vn/wp-json/wp/v2/pages/889.json]
[noithatmansion.vn/wp-json/oembed/1.0/embed4c6f.json]
[noithatmansion.vn/wp-json/oembed/1.0/embed71c3]
[noithatmansion.vn/wp-content/uploads/2022/06/z3514689467310_9dc7dfa1f7fc071491d5a88e8ddee3b3-1400x787.jpg]
[noithatmansion.vn/thi-cong-noi-that-go-oc-cho/index.html]
[noithatmansion.vn/wp-json/wp/v2/pages/894.json]
[noithatmansion.vn/wp-json/oembed/1.0/embed7996.json]
[noithatmansion.vn/wp-json/oembed/1.0/embed67dd]
[noithatmansion.vn/wp-content/uploads/2022/07/3-1-1049x800.jpg]
[noithatmansion.vn/thiet-ke-noi-that-go-oc-cho/index.html]
[noithatmansion.vn/wp-json/wp/v2/product_cat/27.json]
[noithatmansion.vn/wp-includes/js/jquery/ui/core.min0028.js]
[noithatmansion.vn/danh-muc-san-pham/san-pham/feed/index.html]
[noithatmansion.vn/wp-includes/js/jquery/ui/mouse.min0028.js]
[noithatmansion.vn/wp-includes/js/jquery/ui/slider.min0028.js]
[noithatmansion.vn/wp-content/plugins/woocommerce/assets/js/jquery-ui-touch-punch/jquery-ui-touch-punch.min8e94.js]
[noithatmansion.vn/wp-content/plugins/woocommerce/assets/js/accounting/accounting.minaffb.js]
[noithatmansion.vn/danh-muc-san-pham/san-pham/index.html]
[noithatmansion.vn/wp-content/plugins/woocommerce/assets/js/frontend/price-slider.min8e94.js]
[noithatmansion.vn/danh-muc-san-pham/san-pham/phong-bep/index.html]
[noithatmansion.vn/san-pham/ao-so-mi-han-quoc/index.html]
[noithatmansion.vn/danh-muc-san-pham/san-pham/phong-bep/feed/index.html]
[noithatmansion.vn/danh-muc-san-pham/san-pham/phong-bep/ban-ghe-an/feed/index.html]
[noithatmansion.vn/wp-json/wp/v2/product_cat/53.json]
[noithatmansion.vn/danh-muc-san-pham/san-pham/phong-bep/ban-ghe-an/index.html]
[noithatmansion.vn/wp-json/wp/v2/product_cat/54.json]
[noithatmansion.vn/danh-muc-san-pham/san-pham/phong-bep/ghe-an/index.html]
[noithatmansion.vn/danh-muc-san-pham/san-pham/phong-bep/ghe-an/feed/index.html]
[noithatmansion.vn/wp-json/wp/v2/product_cat/55.json]
[noithatmansion.vn/danh-muc-san-pham/san-pham/phong-bep/tu-bep/index.html]
[noithatmansion.vn/danh-muc-san-pham/san-pham/phong-bep/tu-bep/feed/index.html]
[noithatmansion.vn/wp-json/wp/v2/product_cat/56.json]
[noithatmansion.vn/danh-muc-san-pham/san-pham/phong-bep/tu-ruou/index.html]
[noithatmansion.vn/danh-muc-san-pham/san-pham/phong-bep/tu-ruou/feed/index.html]
[noithatmansion.vn/wp-json/wp/v2/product_cat/42.json]
[noithatmansion.vn/danh-muc-san-pham/san-pham/phong-khach/index.html]
[noithatmansion.vn/danh-muc-san-pham/san-pham/phong-khach/feed/index.html]
[noithatmansion.vn/wp-json/wp/v2/product_cat/43.json]
[noithatmansion.vn/danh-muc-san-pham/san-pham/phong-khach/sofa-go-oc-cho/index.html]
[noithatmansion.vn/wp-json/wp/v2/product_cat/50.json]
[noithatmansion.vn/danh-muc-san-pham/san-pham/phong-khach/ban-tra/index.html]
[noithatmansion.vn/danh-muc-san-pham/san-pham/phong-khach/sofa-go-oc-cho/feed/index.html]
[noithatmansion.vn/wp-json/wp/v2/product_cat/51.json]
[noithatmansion.vn/danh-muc-san-pham/san-pham/phong-khach/ke-tivi/index.html]
[noithatmansion.vn/danh-muc-san-pham/san-pham/phong-khach/ke-tivi/feed/index.html]
[noithatmansion.vn/wp-json/wp/v2/product_cat/52.json]
[noithatmansion.vn/danh-muc-san-pham/san-pham/phong-khach/tu-trang-tri/index.html]
[noithatmansion.vn/danh-muc-san-pham/san-pham/phong-khach/tu-trang-tri/feed/index.html]
[noithatmansion.vn/wp-json/wp/v2/product_cat/46.json]
[noithatmansion.vn/danh-muc-san-pham/san-pham/phong-ngu/index.html]
[noithatmansion.vn/danh-muc-san-pham/san-pham/phong-ngu/feed/index.html]
[noithatmansion.vn/wp-json/wp/v2/product_cat/57.json]
[noithatmansion.vn/danh-muc-san-pham/san-pham/phong-ngu/ban-trang-diem/index.html]
[noithatmansion.vn/danh-muc-san-pham/san-pham/phong-ngu/ban-trang-diem/feed/index.html]
[noithatmansion.vn/wp-json/wp/v2/product_cat/44.json]
[noithatmansion.vn/danh-muc-san-pham/san-pham/phong-ngu/giuong-ngu/index.html]
[noithatmansion.vn/danh-muc-san-pham/san-pham/phong-ngu/giuong-ngu/feed/index.html]
[noithatmansion.vn/wp-json/wp/v2/product_cat/58.json]
[noithatmansion.vn/danh-muc-san-pham/san-pham/phong-ngu/tu-quan-ao/index.html]
[noithatmansion.vn/danh-muc-san-pham/san-pham/phong-ngu/tu-quan-ao/feed/index.html]
[noithatmansion.vn/wp-json/wp/v2/categories/47.json]
[noithatmansion.vn/category/tin-tuc/du-an/index.html]
[noithatmansion.vn/category/tin-tuc/du-an/page/2/index.html]
[noithatmansion.vn/thiet-ke-noi-that-biet-thu-hien-dai-can-nhung-yeu-to-gi/index.html]
[noithatmansion.vn/thiet-ke-noi-that-biet-thu-cao-cap/index.html]
[noithatmansion.vn/wp-json/wp/v2/pages/899.json]
[noithatmansion.vn/noi-that-go-tu-nhien-cho-phong-khach/index.html]
[noithatmansion.vn/cong-trinh-vinhomes-gardenia-khong-gian-yen-binh-giua-long-ha-noi/index.html]
[noithatmansion.vn/sofa-oc-cho-duoc-cau-tao-nhu-the-nao-can-phai-luu-y-nhung-gi-khi-chon-lua/index.html]
[noithatmansion.vn/lua-chon-go-oc-cho-cho-thiet-ke-noithat-biet-thu/index.html]
[noithatmansion.vn/wp-json/oembed/1.0/embed88c1.json]
[noithatmansion.vn/gia-bo-ban-sofa-go-oc-cho-phu-thuoc-vao-nhung-tieu-chi-nao/index.html]
[noithatmansion.vn/top-5-thiet-ke-bo-ban-an-go-oc-cho-duoc-ua-chuong-nhat-tai-viet-nam-trong-nam-2022/index.html]
[noithatmansion.vn/category/tin-tuc/cau-chuyen-khong-gian/index.html]
[noithatmansion.vn/category/tin-tuc/du-an/du-an-thiet-ke/index.html]
[noithatmansion.vn/wp-json/oembed/1.0/embed23b6]
[noithatmansion.vn/du-an-thiet-ke/index.html]
[noithatmansion.vn/category/tin-tuc/thong-tin-noi-bat/index.html]
[noithatmansion.vn/category/tin-tuc/index.html]
[noithatmansion.vn/category/san-pham/index.html]
[noithatmansion.vn/category/tin-tuc/du-an/thiet-ke-noi-that/index.html]
[noithatmansion.vn/tag/cua-hang-noi-that-go/index.html]
[noithatmansion.vn/tag/gia-bo-ban-sofa-go-oc-cho/index.html]
[noithatmansion.vn/tag/go-tu-nhien/index.html]
[noithatmansion.vn/wp-json/wp/v2/pages/897.json]
[noithatmansion.vn/tag/go-oc-cho/index.html]
[noithatmansion.vn/tag/noithatgoocho/index.html]
[noithatmansion.vn/tag/noi-that-biet-thu/index.html]
[noithatmansion.vn/tag/noi-that-go-tu-nhien/index.html]
[noithatmansion.vn/wp-json/oembed/1.0/embedbe0d.json]
[noithatmansion.vn/tag/noi-that-go-oc-cho/index.html]
[noithatmansion.vn/tag/noi-that-go-oc-cho-cao-cap/index.html]
[noithatmansion.vn/tag/noi-that-mansion/index.html]
[noithatmansion.vn/tag/noi-that-phong-khach/index.html]
[noithatmansion.vn/wp-json/oembed/1.0/embedf9d9]
[noithatmansion.vn/du-an-thi-cong/index.html]
[noithatmansion.vn/tag/phong-cach-hien-dai/index.html]
[noithatmansion.vn/tag/phong-cach-hien-dai-trong-thiet-ke-noi-that/index.html]
[noithatmansion.vn/tag/phong-khach-biet-thuc-dep/index.html]
[noithatmansion.vn/tag/sofa-go-oc-cho/index.html]
[noithatmansion.vn/tag/sofa-oc-cho/index.html]
[noithatmansion.vn/tag/thiet-ke-nha-o-phong-cach-hien-dai/index.html]
[noithatmansion.vn/wp-json/wp/v2/categories/81.json]
[noithatmansion.vn/category/review/index.html]
[noithatmansion.vn/tag/vinhomes-gardenia/index.html]
[noithatmansion.vn/category/review/feed/index.html]
[noithatmansion.vn/wp-content/plugins/woocommerce/assets/css/photoswipe/photoswipe.min8e94.css]
[noithatmansion.vn/wp-content/plugins/woocommerce/assets/css/photoswipe/default-skin/default-skin.min8e94.css]
[noithatmansion.vn/san-pham/bo-sofa-va-ban-tra-go-oc-cho/feed/index.html]
[noithatmansion.vn/wp-json/wp/v2/product/1056.json]
[noithatmansion.vn/wp-json/oembed/1.0/embede28f.json]
[noithatmansion.vn/wp-json/oembed/1.0/embedef48]
[noithatmansion.vn/wp-content/uploads/2022/07/13-3.jpg]
[noithatmansion.vn/wp-content/uploads/2022/07/26-2.jpg]
[noithatmansion.vn/wp-content/uploads/2022/07/25.jpg]
[noithatmansion.vn/wp-content/uploads/2022/07/33.jpg]
[noithatmansion.vn/wp-content/uploads/2022/07/13-3-700x490.jpg]
[noithatmansion.vn/wp-content/plugins/woocommerce/assets/js/photoswipe/photoswipe.mind379.js]
[noithatmansion.vn/wp-content/plugins/woocommerce/assets/js/photoswipe/photoswipe-ui-default.mind379.js]
[noithatmansion.vn/wp-content/plugins/woocommerce/assets/js/frontend/single-product.min8e94.js]
[noithatmansion.vn/wp-includes/js/comment-reply.min37ad.js]
[noithatmansion.vn/san-pham/bo-sofa-va-ban-tra-go-oc-cho/index.html]
[noithatmansion.vn/wp-json/wp/v2/product/712.json]
[noithatmansion.vn/wp-json/oembed/1.0/embed156b.json]
[noithatmansion.vn/wp-json/oembed/1.0/embed7ba5]
[noithatmansion.vn/wp-content/uploads/2017/08/37.jpg]
[noithatmansion.vn/wp-content/uploads/2022/07/17.jpg]
[noithatmansion.vn/wp-content/uploads/2017/08/37-700x490.jpg]
[noithatmansion.vn/san-pham/giuong-ngu-go-oc-cho-hien-dai/index.html]
[noithatmansion.vn/wp-json/wp/v2/product/474.json]
[noithatmansion.vn/wp-json/oembed/1.0/embedf60e.json]
[noithatmansion.vn/wp-json/oembed/1.0/embed8cec]
[noithatmansion.vn/wp-content/uploads/2017/08/5.jpg]
[noithatmansion.vn/wp-content/uploads/2017/08/5-2.jpg]
[noithatmansion.vn/wp-content/uploads/2017/08/22.jpg]
[noithatmansion.vn/wp-content/uploads/2017/08/5-700x490.jpg]
[noithatmansion.vn/san-pham/ban-tho-go-oc-cho/index.html]
[noithatmansion.vn/wp-json/wp/v2/product/472.json]
[noithatmansion.vn/wp-json/oembed/1.0/embed0660.json]
[noithatmansion.vn/wp-json/oembed/1.0/embeda9a9]
[noithatmansion.vn/san-pham/ghe-quay-bar-go-oc-cho/index.html]
[noithatmansion.vn/wp-content/uploads/2017/08/7.jpg]
[noithatmansion.vn/wp-json/wp/v2/product/470.json]
[noithatmansion.vn/wp-json/oembed/1.0/embed86cc.json]
[noithatmansion.vn/wp-json/oembed/1.0/embed5de1]
[noithatmansion.vn/wp-content/uploads/2022/07/3.jpg]
[noithatmansion.vn/san-pham/tu-bep-go-oc-cho/index.html]
[noithatmansion.vn/wp-json/wp/v2/product/468.json]
[noithatmansion.vn/wp-json/oembed/1.0/embed56a1.json]
[noithatmansion.vn/wp-json/oembed/1.0/embed6a3c]
[noithatmansion.vn/san-pham/tu-ruou-go-oc-cho/index.html]
[noithatmansion.vn/wp-content/uploads/2022/07/46-1.jpg]
[noithatmansion.vn/wp-json/wp/v2/product/457.json]
[noithatmansion.vn/san-pham/ao-so-mi-ngan-tay-06/feed/index.html]
[noithatmansion.vn/wp-json/oembed/1.0/embedc198.json]
[noithatmansion.vn/wp-json/oembed/1.0/embed2eb9]
[noithatmansion.vn/san-pham/ao-so-mi-ngan-tay-06/index.html]
[noithatmansion.vn/wp-content/uploads/2017/08/20.jpg]
[noithatmansion.vn/wp-json/wp/v2/product/455.json]
[noithatmansion.vn/san-pham/so-mi-nam-ngan-tay-04/feed/index.html]
[noithatmansion.vn/wp-json/oembed/1.0/embed5494.json]
[noithatmansion.vn/wp-json/oembed/1.0/embedcd97]
[noithatmansion.vn/wp-content/uploads/2017/08/49.jpg]
[noithatmansion.vn/san-pham/so-mi-nam-ngan-tay-04/index.html]
[noithatmansion.vn/wp-json/wp/v2/product/453.json]
[noithatmansion.vn/san-pham/so-mi-nam-ngan-tay-03/feed/index.html]
[noithatmansion.vn/wp-json/oembed/1.0/embedf478.json]
[noithatmansion.vn/wp-json/oembed/1.0/embedbdba]
[noithatmansion.vn/wp-content/uploads/2017/08/47.jpg]
[noithatmansion.vn/san-pham/so-mi-nam-ngan-tay-03/index.html]
[noithatmansion.vn/wp-json/wp/v2/posts/2124.json]
[noithatmansion.vn/giuong-ngu-go-oc-cho/feed/index.html]
[noithatmansion.vn/wp-json/oembed/1.0/embed2e45.json]
[noithatmansion.vn/wp-json/oembed/1.0/embedf9fb]
[noithatmansion.vn/giuong-ngu-go-oc-cho/index.html]
[noithatmansion.vn/mau-noi-that-go-oc-cho/feed/index.html]
[noithatmansion.vn/wp-json/wp/v2/posts/2107.json]
[noithatmansion.vn/wp-json/oembed/1.0/embedb742.json]
[noithatmansion.vn/wp-json/oembed/1.0/embeda97c]
[noithatmansion.vn/mau-noi-that-go-oc-cho/index.html]
[noithatmansion.vn/wp-json/wp/v2/posts/2076.json]
[noithatmansion.vn/noi-that-biet-thu-go-oc-cho/feed/index.html]
[noithatmansion.vn/wp-json/oembed/1.0/embed3445.json]
[noithatmansion.vn/wp-json/oembed/1.0/embedb9fe]
[noithatmansion.vn/noi-that-biet-thu-go-oc-cho/index.html]
[noithatmansion.vn/wp-json/wp/v2/posts/2023.json]
[noithatmansion.vn/ke-tivi-go-oc-cho-dep-hien-dai/feed/index.html]
[noithatmansion.vn/wp-json/oembed/1.0/embed3a44.json]
[noithatmansion.vn/wp-json/oembed/1.0/embedb55c]
[noithatmansion.vn/ke-tivi-go-oc-cho-dep-hien-dai/index.html]
[noithatmansion.vn/wp-json/wp/v2/posts/1983.json]
[noithatmansion.vn/noi-that-go-oc-cho-hop-phong-thuy/feed/index.html]
[noithatmansion.vn/wp-json/oembed/1.0/embedfcbd.json]
[noithatmansion.vn/wp-json/oembed/1.0/embeddd43]
[noithatmansion.vn/noi-that-go-oc-cho-hop-phong-thuy/index.html]
[noithatmansion.vn/noi-that-go-oc-cho-hien-dai/feed/index.html]
[noithatmansion.vn/wp-json/wp/v2/posts/1978.json]
[noithatmansion.vn/6-dieu-nen-biet-khi-lua-chon-noi-that-go-oc-cho/index.html]
[noithatmansion.vn/wp-json/oembed/1.0/embed5f5e.json]
[noithatmansion.vn/wp-json/oembed/1.0/embed695e]
[noithatmansion.vn/noi-that-go-oc-cho-hien-dai/index.html]
[noithatmansion.vn/wp-json/wp/v2/posts/1967.json]
[noithatmansion.vn/thiet-ke-nha-o-phong-cach-hien-dai-don-gian-khong-phai-ai-cung-biet/feed/index.html]
[noithatmansion.vn/wp-json/oembed/1.0/embedce40.json]
[noithatmansion.vn/wp-json/oembed/1.0/embed445a]
[noithatmansion.vn/thiet-ke-nha-o-phong-cach-hien-dai-don-gian-khong-phai-ai-cung-biet/index.html]
[noithatmansion.vn/wp-json/wp/v2/posts/1958.json]
[noithatmansion.vn/phong-cach-thiet-ke-hien-dai-trong-thiet-ke-noi-that/feed/index.html]
[noithatmansion.vn/wp-json/oembed/1.0/embedd8e7.json]
[noithatmansion.vn/wp-json/oembed/1.0/embed27d7]
[noithatmansion.vn/phong-cach-thiet-ke-hien-dai-trong-thiet-ke-noi-that/index.html]
[noithatmansion.vn/wp-json/wp/v2/posts/1949.json]
[noithatmansion.vn/dac-diem-noi-bat-cua-nha-theo-phong-cach-hien-dai/feed/index.html]
[noithatmansion.vn/wp-json/oembed/1.0/embed0126.json]
[noithatmansion.vn/wp-json/oembed/1.0/embed28ce]
[noithatmansion.vn/dac-diem-noi-bat-cua-nha-theo-phong-cach-hien-dai/index.html]
[noithatmansion.vn/wp-json/wp/v2/posts/1941.json]
[noithatmansion.vn/6-nguyen-tac-thiet-ke-noi-that-phong-tho-hien-dai-can-phai-ghi-nho/feed/index.html]
[noithatmansion.vn/wp-json/oembed/1.0/embed2cd8.json]
[noithatmansion.vn/wp-json/oembed/1.0/embed0eae]
[noithatmansion.vn/6-nguyen-tac-thiet-ke-noi-that-phong-tho-hien-dai-can-phai-ghi-nho/index.html]
[noithatmansion.vn/wp-json/wp/v2/posts/1931.json]
[noithatmansion.vn/xu-huong-thiet-ke-noi-that-nha-bep-hien-dai/feed/index.html]
[noithatmansion.vn/wp-json/oembed/1.0/embed3d5b.json]
[noithatmansion.vn/wp-json/oembed/1.0/embed5a0c]
[noithatmansion.vn/xu-huong-thiet-ke-noi-that-nha-bep-hien-dai/index.html]
[noithatmansion.vn/wp-json/wp/v2/posts/1918.json]
[noithatmansion.vn/nang-tam-khong-gian-song-cung-sofa-go-oc-cho-cao-cap/feed/index.html]
[noithatmansion.vn/wp-json/oembed/1.0/embed297f.json]
[noithatmansion.vn/wp-json/oembed/1.0/embedc1fc]
[noithatmansion.vn/nang-tam-khong-gian-song-cung-sofa-go-oc-cho-cao-cap/index.html]
[noithatmansion.vn/wp-content/uploads/2022/08/mansion-4.png]
[noithatmansion.vn/sofa-go-oc-cho-hien-dai-xu-huong-noi-that-cua-phong-cach-song-toi-gian/index.html]
[noithatmansion.vn/kich-thuoc-sofa-go-oc-cho-anh-huong-nhu-nao-den-khong-gian-phong-khach/index.html]
[noithatmansion.vn/chung-cu-noi-that-go-oc-cho/feed/index.html]
[noithatmansion.vn/wp-json/wp/v2/posts/2132.json]
[noithatmansion.vn/wp-json/oembed/1.0/embed2030.json]
[noithatmansion.vn/wp-json/oembed/1.0/embed4330]
[noithatmansion.vn/chung-cu-noi-that-go-oc-cho/index.html]
[noithatmansion.vn/wp-json/wp/v2/posts/2118.json]
[noithatmansion.vn/phong-cach-noi-that-go-oc-cho-dinh-cao/feed/index.html]
[noithatmansion.vn/wp-json/oembed/1.0/embedc046.json]
[noithatmansion.vn/wp-json/oembed/1.0/embeda412]
[noithatmansion.vn/phong-cach-noi-that-go-oc-cho-dinh-cao/index.html]
[noithatmansion.vn/nhung-tac-dung-cua-go-oc-cho/feed/index.html]
[noithatmansion.vn/wp-json/wp/v2/posts/2081.json]
[noithatmansion.vn/wp-json/oembed/1.0/embedc216.json]
[noithatmansion.vn/wp-json/oembed/1.0/embed8986]
[noithatmansion.vn/nhung-tac-dung-cua-go-oc-cho/index.html]
[noithatmansion.vn/wp-json/wp/v2/posts/1981.json]
[noithatmansion.vn/huong-dan-ve-sinh-ban-tra-go-oc-cho/feed/index.html]
[noithatmansion.vn/wp-json/oembed/1.0/embedcb42.json]
[noithatmansion.vn/wp-json/oembed/1.0/embedd830]
[noithatmansion.vn/huong-dan-ve-sinh-ban-tra-go-oc-cho/index.html]
[noithatmansion.vn/wp-json/wp/v2/posts/1664.json]
[noithatmansion.vn/chinh-sach-bao-mat/feed/index.html]
[noithatmansion.vn/wp-json/oembed/1.0/embed94fe.json]
[noithatmansion.vn/wp-json/oembed/1.0/embede21b]
[noithatmansion.vn/chinh-sach-bao-mat/index.html]
[noithatmansion.vn/wp-json/wp/v2/posts/1668.json]
[noithatmansion.vn/chinh-sach-ban-hang/feed/index.html]
[noithatmansion.vn/wp-json/oembed/1.0/embed0f34.json]
[noithatmansion.vn/wp-json/oembed/1.0/embed95a5]
[noithatmansion.vn/chinh-sach-ban-hang/index.html]
[noithatmansion.vn/chinh-sach-bao-hanh-bao-tri/feed/index.html]
[noithatmansion.vn/wp-json/wp/v2/posts/1670.json]
[noithatmansion.vn/wp-json/oembed/1.0/embed6293.json]
[noithatmansion.vn/wp-json/oembed/1.0/embed6acf]
[noithatmansion.vn/chinh-sach-bao-hanh-bao-tri/index.html]
[noithatmansion.vn/wp-json/wp/v2/posts/1672.json]
[noithatmansion.vn/huong-dan-mua-hang/feed/index.html]
[noithatmansion.vn/wp-json/oembed/1.0/embedf3b5.json]
[noithatmansion.vn/wp-json/oembed/1.0/embed71a3]
[noithatmansion.vn/huong-dan-mua-hang/index.html]
[noithatmansion.vn/tel_0966856666.html]
[noithatmansion.vn/wp-content/plugins/woocommerce/assets/css/select28e94.css]
[noithatmansion.vn/wp-json/wp/v2/pages/55.json]
[noithatmansion.vn/wp-json/oembed/1.0/embed725d.json]
[noithatmansion.vn/wp-json/oembed/1.0/embede5ed]
[noithatmansion.vn/my-account/index.html]
[noithatmansion.vn/wp-content/plugins/woocommerce/assets/js/selectWoo/selectWoo.full.min4604.js]
[noithatmansion.vn/wp-includes/js/zxcvbn-async.min5152.js]
[noithatmansion.vn/wp-includes/js/dist/hooks.mincbb5.js]
[noithatmansion.vn/wp-includes/js/dist/i18n.min771a.js]
[noithatmansion.vn/wp-admin/js/password-strength-meter.min37ad.js]
[noithatmansion.vn/wp-content/plugins/woocommerce/assets/js/frontend/password-strength-meter.min8e94.js]
[noithatmansion.vn/my-account/lost-password/index.html]
[noithatmansion.vn/wp-content/plugins/woocommerce/assets/js/jquery-blockui/jquery.blockUI.minf13c.js]
[noithatmansion.vn/wp-content/plugins/woocommerce/assets/js/frontend/add-to-cart.min8e94.js]
[noithatmansion.vn/wp-content/plugins/woocommerce/assets/js/js-cookie/js.cookie.min1c36.js]
[noithatmansion.vn/wp-content/plugins/woocommerce/assets/js/frontend/woocommerce.min8e94.js]
[noithatmansion.vn/wp-content/plugins/woocommerce/assets/js/frontend/cart-fragments.min8e94.js]
[noithatmansion.vn/wp-includes/js/dist/vendor/regenerator-runtime.min3937.js]
[noithatmansion.vn/wp-includes/js/dist/vendor/wp-polyfill.min2c7c.js]
[noithatmansion.vn/wp-includes/js/hoverIntent.min3e5a.js]
[noithatmansion.vn/wp-content/themes/flatsome/assets/js/flatsome334f.js]
[noithatmansion.vn/wp-content/themes/flatsome/inc/extensions/flatsome-lazy-load/flatsome-lazy-load2855.js]
[noithatmansion.vn/wp-content/themes/flatsome/assets/js/woocommerce48f4.js]
[noithatmansion.vn/wp-content/themes/flatsome/assets/libs/packery.pkgd.min2855.js]
[noithatmansion.vn/wp-content/webgiareorg/public/thirdparty/vuejs-2.6.10/vue.minc60b.js]
[noithatmansion.vn/wp-content/webgiareorg/public/javascript/footer45be.js]
[noithatmansion.vn/wp-content/themes/noithatmansion/javascript/d4789.js]
[noithatmansion.vn/indexa49c.html]
[noithatmansion.vn/indexf45d.html]
[noithatmansion.vn/index3861.html]
[noithatmansion.vn/edge/index.html]
[noithatmansion.vn/san-pham/ao-so-mi-han-quoc/feed/index.html]
[noithatmansion.vn/wp-json/oembed/1.0/embed1206.json]
[noithatmansion.vn/wp-json/oembed/1.0/embedd820]
[noithatmansion.vn/san-pham/ao-so-mi-han-quoc/index.html]
[noithatmansion.vn/wp-content/uploads/2017/08/19.jpg]
[noithatmansion.vn/wp-includes/js/jquery/ui/core.min0028.js]
[noithatmansion.vn/wp-includes/js/jquery/ui/mouse.min0028.js]
[noithatmansion.vn/wp-includes/js/jquery/ui/slider.min0028.js]
[noithatmansion.vn/wp-content/plugins/woocommerce/assets/js/jquery-ui-touch-punch/jquery-ui-touch-punch.min8e94.js]
[noithatmansion.vn/wp-content/plugins/woocommerce/assets/js/accounting/accounting.minaffb.js]
[noithatmansion.vn/wp-content/plugins/woocommerce/assets/js/frontend/price-slider.min8e94.js]
[noithatmansion.vn/category/tin-tuc/du-an/page/2/index.html]
[noithatmansion.vn/danh-muc-san-pham/san-pham/phong-khach/ban-tra/feed/index.html]
[noithatmansion.vn/wp-json/wp/v2/product_cat/49]
[noithatmansion.vn/ve-dep-hoan-my-cua-noi-that-go-oc-cho-trong-tung-khong-gian/index.html]
[noithatmansion.vn/san-pham/ao-so-mi-nam-500/index.html]
[noithatmansion.vn/thiet-ke-noi-that-go-oc-cho-xung-tam-dang-cap/index.html]
[noithatmansion.vn/go-oc-cho-va-nhung-ung-dung-trong-noi-that/index.html]
[noithatmansion.vn/wp-json/wp/v2/posts/1884.json]
[noithatmansion.vn/category/tin-tuc/du-an/feed/index.html]
[noithatmansion.vn/thiet-ke-noi-that-biet-thu-hien-dai-can-nhung-yeu-to-gi/feed/index.html]
[noithatmansion.vn/wp-json/oembed/1.0/embedab10.json]
[noithatmansion.vn/wp-json/oembed/1.0/embed009e]
[noithatmansion.vn/thiet-ke-noi-that-biet-thu-hien-dai-can-nhung-yeu-to-gi/index.html]
[noithatmansion.vn/thiet-ke-noi-that-biet-thu-cao-cap/feed/index.html]
[noithatmansion.vn/den-trang-tri-trong-noi-that-go-oc-cho-cao-cap/index.html]
[noithatmansion.vn/wp-json/wp/v2/posts/1855.json]
[noithatmansion.vn/wp-json/oembed/1.0/embed716b.json]
[noithatmansion.vn/wp-json/oembed/1.0/embede1dd]
[noithatmansion.vn/thiet-ke-noi-that-biet-thu-cao-cap/index.html]
[noithatmansion.vn/noi-that-go-oc-cho-cao-cap-ve-dep-co-dien-khang-dinh-dang-cap-gia-chu/index.html]
[noithatmansion.vn/nhung-mau-phong-khach-biet-thu-dep/index.html]
[noithatmansion.vn/wp-json/wp/v2/posts/1799.json]
[noithatmansion.vn/wp-json/oembed/1.0/embeddfab.json]
[noithatmansion.vn/wp-json/oembed/1.0/embedf856]
[noithatmansion.vn/noi-that-go-tu-nhien-cho-phong-khach/index.html]
[noithatmansion.vn/cong-trinh-vinhomes-gardenia-khong-gian-yen-binh-giua-long-ha-noi/feed/index.html]
[noithatmansion.vn/wp-json/wp/v2/posts/1782.json]
[noithatmansion.vn/thiet-ke-nha-dep-voi-noi-that-go-tu-nhien/index.html]
[noithatmansion.vn/wp-json/oembed/1.0/embed29b5.json]
[noithatmansion.vn/wp-json/oembed/1.0/embed0b55]
[noithatmansion.vn/cong-trinh-vinhomes-gardenia-khong-gian-yen-binh-giua-long-ha-noi/index.html]
[noithatmansion.vn/wp-json/wp/v2/posts/1730.json]
[noithatmansion.vn/sofa-oc-cho-duoc-cau-tao-nhu-the-nao-can-phai-luu-y-nhung-gi-khi-chon-lua/feed/index.html]
[noithatmansion.vn/wp-json/oembed/1.0/embed6836.json]
[noithatmansion.vn/wp-json/oembed/1.0/embed8068]
[noithatmansion.vn/sofa-oc-cho-duoc-cau-tao-nhu-the-nao-can-phai-luu-y-nhung-gi-khi-chon-lua/index.html]
[noithatmansion.vn/lua-chon-go-oc-cho-cho-thiet-ke-noithat-biet-thu/feed/index.html]
[noithatmansion.vn/wp-json/wp/v2/posts/1719.json]
[noithatmansion.vn/cac-mau-sofa-go-oc-cho-duoc-ua-chuong-nhat-tren-thi-truong-hien-nay/index.html]
[noithatmansion.vn/wp-json/oembed/1.0/embedee31.json]
[noithatmansion.vn/wp-json/oembed/1.0/embede54e]
[noithatmansion.vn/lua-chon-go-oc-cho-cho-thiet-ke-noithat-biet-thu/index.html]
[noithatmansion.vn/wp-json/wp/v2/posts/1696.json]
[noithatmansion.vn/gia-bo-ban-sofa-go-oc-cho-phu-thuoc-vao-nhung-tieu-chi-nao/feed/index.html]
[noithatmansion.vn/wp-json/oembed/1.0/embed865c.json]
[noithatmansion.vn/wp-json/oembed/1.0/embed7681]
[noithatmansion.vn/gia-bo-ban-sofa-go-oc-cho-phu-thuoc-vao-nhung-tieu-chi-nao/index.html]
[noithatmansion.vn/wp-json/wp/v2/posts/1630.json]
[noithatmansion.vn/top-5-thiet-ke-bo-ban-an-go-oc-cho-duoc-ua-chuong-nhat-tai-viet-nam-trong-nam-2022/feed/index.html]
[noithatmansion.vn/wp-json/oembed/1.0/embeddb1c.json]
[noithatmansion.vn/wp-json/oembed/1.0/embed7d35]
[noithatmansion.vn/top-5-thiet-ke-bo-ban-an-go-oc-cho-duoc-ua-chuong-nhat-tai-viet-nam-trong-nam-2022/index.html]
[noithatmansion.vn/wp-json/wp/v2/categories/85.json]
[noithatmansion.vn/category/tin-tuc/cau-chuyen-khong-gian/index.html]
[noithatmansion.vn/category/tin-tuc/cau-chuyen-khong-gian/page/2/index.html]
[noithatmansion.vn/category/tin-tuc/cau-chuyen-khong-gian/feed/index.html]
[noithatmansion.vn/category/tin-tuc/cau-chuyen-khong-gian/page/3/index.html]
[noithatmansion.vn/wp-json/wp/v2/categories/95.json]
[noithatmansion.vn/category/tin-tuc/du-an/du-an-thiet-ke/index.html]
[noithatmansion.vn/category/tin-tuc/du-an/du-an-thiet-ke/feed/index.html]
[noithatmansion.vn/wp-json/wp/v2/categories/1.json]
[noithatmansion.vn/category/san-pham/index.html]
[noithatmansion.vn/category/san-pham/feed/index.html]
[noithatmansion.vn/nha-pho-cau-giay/index.html]
[noithatmansion.vn/sieu-biet-thu-thanh-hoa-khong-gian-xa-hoa-diem-le-thang-hoa-cam-xuc/index.html]
[noithatmansion.vn/wp-json/wp/v2/categories/89.json]
[noithatmansion.vn/category/tin-tuc/du-an/thiet-ke-noi-that/index.html]
[noithatmansion.vn/category/tin-tuc/du-an/thiet-ke-noi-that/feed/index.html]
[noithatmansion.vn/wp-json/wp/v2/categories/84.json]
[noithatmansion.vn/category/tin-tuc/thong-tin-noi-bat/index.html]
[noithatmansion.vn/category/tin-tuc/thong-tin-noi-bat/page/2/index.html]
[noithatmansion.vn/category/tin-tuc/thong-tin-noi-bat/page/4/index.html]
[noithatmansion.vn/category/tin-tuc/thong-tin-noi-bat/page/3/index.html]
[noithatmansion.vn/category/tin-tuc/thong-tin-noi-bat/feed/index.html]
[noithatmansion.vn/wp-json/wp/v2/categories/3.json]
[noithatmansion.vn/category/tin-tuc/index.html]
[noithatmansion.vn/category/tin-tuc/page/2/index.html]
[noithatmansion.vn/category/tin-tuc/page/4/index.html]
[noithatmansion.vn/category/tin-tuc/page/3/index.html]
[noithatmansion.vn/category/tin-tuc/feed/index.html]
[noithatmansion.vn/category/tin-tuc/page/6/index.html]
[noithatmansion.vn/tag/cua-hang-noi-that-go/feed/index.html]
[noithatmansion.vn/wp-json/wp/v2/tags/91.json]
[noithatmansion.vn/tag/cua-hang-noi-that-go/index.html]
[noithatmansion.vn/tag/gia-bo-ban-sofa-go-oc-cho/feed/index.html]
[noithatmansion.vn/4-tieu-chi-giup-ban-lua-chon-cua-hang-noi-that-go-uy-tin/index.html]
[noithatmansion.vn/wp-json/wp/v2/tags/87.json]
[noithatmansion.vn/tag/gia-bo-ban-sofa-go-oc-cho/index.html]
[noithatmansion.vn/wp-json/wp/v2/tags/97.json]
[noithatmansion.vn/tag/go-tu-nhien/index.html]
[noithatmansion.vn/tag/go-tu-nhien/feed/index.html]
[noithatmansion.vn/wp-json/wp/v2/tags/48.json]
[noithatmansion.vn/tag/go-oc-cho/index.html]
[noithatmansion.vn/tag/go-oc-cho/feed/index.html]
[noithatmansion.vn/wp-json/wp/v2/tags/86.json]
[noithatmansion.vn/tag/noithatgoocho/index.html]
[noithatmansion.vn/tag/noithatgoocho/feed/index.html]
[noithatmansion.vn/wp-json/wp/v2/tags/101.json]
[noithatmansion.vn/tag/noi-that-biet-thu/index.html]
[noithatmansion.vn/tag/noi-that-biet-thu/feed/index.html]
[noithatmansion.vn/tag/noi-that-go-tu-nhien/feed/index.html]
[noithatmansion.vn/wp-json/wp/v2/tags/96.json]
[noithatmansion.vn/tag/noi-that-go-tu-nhien/index.html]
[noithatmansion.vn/tag/noi-that-go-oc-cho/feed/index.html]
[noithatmansion.vn/wp-json/wp/v2/tags/83.json]
[noithatmansion.vn/tag/noi-that-go-oc-cho/index.html]
[noithatmansion.vn/tag/noi-that-go-oc-cho-cao-cap/feed/index.html]
[noithatmansion.vn/wp-json/wp/v2/tags/93.json]
[noithatmansion.vn/tag/noi-that-go-oc-cho-cao-cap/index.html]
[noithatmansion.vn/wp-json/wp/v2/tags/92.json]
[noithatmansion.vn/tag/noi-that-mansion/index.html]
[noithatmansion.vn/tag/noi-that-mansion/feed/index.html]
[noithatmansion.vn/wp-json/wp/v2/tags/98.json]
[noithatmansion.vn/tag/noi-that-phong-khach/index.html]
[noithatmansion.vn/tag/noi-that-phong-khach/feed/index.html]
[noithatmansion.vn/wp-json/wp/v2/tags/103.json]
[noithatmansion.vn/tag/phong-cach-hien-dai/index.html]
[noithatmansion.vn/tag/phong-cach-hien-dai/feed/index.html]
[noithatmansion.vn/wp-json/wp/v2/tags/102.json]
[noithatmansion.vn/tag/phong-cach-hien-dai-trong-thiet-ke-noi-that/index.html]
[noithatmansion.vn/tag/phong-cach-hien-dai-trong-thiet-ke-noi-that/feed/index.html]
[noithatmansion.vn/wp-json/wp/v2/tags/100.json]
[noithatmansion.vn/tag/phong-khach-biet-thuc-dep/index.html]
[noithatmansion.vn/tag/phong-khach-biet-thuc-dep/feed/index.html]
[noithatmansion.vn/tag/sofa-go-oc-cho/feed/index.html]
[noithatmansion.vn/wp-json/wp/v2/tags/88.json]
[noithatmansion.vn/tag/sofa-go-oc-cho/index.html]
[noithatmansion.vn/wp-json/wp/v2/tags/90.json]
[noithatmansion.vn/tag/sofa-oc-cho/index.html]
[noithatmansion.vn/tag/sofa-oc-cho/feed/index.html]
[noithatmansion.vn/wp-json/wp/v2/tags/104.json]
[noithatmansion.vn/tag/thiet-ke-nha-o-phong-cach-hien-dai/index.html]
[noithatmansion.vn/tag/thiet-ke-nha-o-phong-cach-hien-dai/feed/index.html]
[noithatmansion.vn/wp-json/wp/v2/tags/94.json]
[noithatmansion.vn/tag/vinhomes-gardenia/index.html]
[noithatmansion.vn/indexd250.html]
[noithatmansion.vn/index2cc4.html]
[noithatmansion.vn/tag/vinhomes-gardenia/feed/index.html]
[noithatmansion.vn/wp-content/plugins/woocommerce/assets/css/photoswipe/default-skin/default-skin.png]
[noithatmansion.vn/wp-content/plugins/woocommerce/assets/css/photoswipe/photoswipe.min8e94.css]
[noithatmansion.vn/wp-content/plugins/woocommerce/assets/css/photoswipe/default-skin/default-skin.svg]
[noithatmansion.vn/wp-content/plugins/woocommerce/assets/css/photoswipe/default-skin/preloader.gif]
[noithatmansion.vn/wp-content/plugins/woocommerce/assets/css/photoswipe/default-skin/default-skin.min8e94.css]
[noithatmansion.vn/index3f75.html]
[noithatmansion.vn/wp-content/plugins/woocommerce/assets/js/photoswipe/photoswipe.mind379.js]
[noithatmansion.vn/wp-content/plugins/woocommerce/assets/js/photoswipe/photoswipe-ui-default.mind379.js]
[noithatmansion.vn/wp-content/plugins/woocommerce/assets/js/frontend/single-product.min8e94.js]
[noithatmansion.vn/wp-includes/js/comment-reply.min37ad.js]
[noithatmansion.vn/indexbf05.html]
[noithatmansion.vn/indexb7bc.html]
[noithatmansion.vn/index8c8c.html]
[noithatmansion.vn/index1beb.html]
[noithatmansion.vn/index4c66.html]
[noithatmansion.vn/index9d51.html]
[noithatmansion.vn/index9e38.html]
[noithatmansion.vn/index06d3.html]
[noithatmansion.vn/index9924.html]
[noithatmansion.vn/index18bf.html]
[noithatmansion.vn/index28fe.html]
[noithatmansion.vn/index96f0.html]
[noithatmansion.vn/index7c5e.html]
[noithatmansion.vn/6-dieu-nen-biet-khi-lua-chon-noi-that-go-oc-cho/feed/index.html]
[noithatmansion.vn/wp-json/wp/v2/posts/1604.json]
[noithatmansion.vn/wp-json/oembed/1.0/embed87b3.json]
[noithatmansion.vn/wp-json/oembed/1.0/embed5fc6]
[noithatmansion.vn/6-dieu-nen-biet-khi-lua-chon-noi-that-go-oc-cho/index.html]
[noithatmansion.vn/indexe504.html]
[noithatmansion.vn/index2020.html]
[noithatmansion.vn/indexe6fd.html]
[noithatmansion.vn/indexc429.html]
[noithatmansion.vn/index3249.html]
[noithatmansion.vn/indexc3c8.html]
[noithatmansion.vn/index004f.html]
[noithatmansion.vn/wp-json/wp/v2/posts/1857.json]
[noithatmansion.vn/kich-thuoc-sofa-go-oc-cho-anh-huong-nhu-nao-den-khong-gian-phong-khach/feed/index.html]
[noithatmansion.vn/wp-json/oembed/1.0/embeddeb9.json]
[noithatmansion.vn/wp-json/oembed/1.0/embed2925]
[noithatmansion.vn/kich-thuoc-sofa-go-oc-cho-anh-huong-nhu-nao-den-khong-gian-phong-khach/index.html]
[noithatmansion.vn/sofa-go-oc-cho-hien-dai-xu-huong-noi-that-cua-phong-cach-song-toi-gian/feed/index.html]
[noithatmansion.vn/wp-json/wp/v2/posts/1910.json]
[noithatmansion.vn/wp-json/oembed/1.0/embedf242.json]
[noithatmansion.vn/wp-json/oembed/1.0/embedfddc]
[noithatmansion.vn/sofa-go-oc-cho-hien-dai-xu-huong-noi-that-cua-phong-cach-song-toi-gian/index.html]
[noithatmansion.vn/indexee0c.html]
[noithatmansion.vn/index06c3.html]
[noithatmansion.vn/indexa8d6.html]
[noithatmansion.vn/index6f73.html]
[noithatmansion.vn/indexfbb7.html]
[noithatmansion.vn/indexcd53.html]
[noithatmansion.vn/indexfb54.html]
[noithatmansion.vn/indexa890.html]
[noithatmansion.vn/wp-content/plugins/woocommerce/assets/css/select28e94.css]
[noithatmansion.vn/index8054.html]
[noithatmansion.vn/wp-content/plugins/woocommerce/assets/js/selectWoo/selectWoo.full.min4604.js]
[noithatmansion.vn/wp-includes/js/zxcvbn-async.min5152.js]
[noithatmansion.vn/wp-includes/js/dist/hooks.mincbb5.js]
[noithatmansion.vn/wp-includes/js/dist/i18n.min771a.js]
[noithatmansion.vn/wp-admin/js/password-strength-meter.min37ad.js]
[noithatmansion.vn/wp-content/plugins/woocommerce/assets/js/frontend/password-strength-meter.min8e94.js]
[noithatmansion.vn/wp-content/plugins/woocommerce/assets/js/frontend/lost-password.min8e94.js]
[noithatmansion.vn/edge/index.html]
[noithatmansion.vn/index1031.html]
[noithatmansion.vn/wp-json/wp/v2/product/314]
[noithatmansion.vn/wp-json/wp/v2/product/316.json]
[noithatmansion.vn/wp-json/oembed/1.0/embed486a.json]
[noithatmansion.vn/wp-json/oembed/1.0/embedaaf5]
[noithatmansion.vn/wp-content/uploads/2022/06/z3514689476248_0ca00e1ae7977c8897848df44ee73b85.jpg]
[noithatmansion.vn/wp-content/uploads/2022/06/z3514687117961_4c3196ed860937e288a78d3ecc44d1ff.jpg]
[noithatmansion.vn/wp-content/uploads/2022/06/z3514689462657_6eb7b6d650728438062d6742ccf55bf7.jpg]
[noithatmansion.vn/wp-content/uploads/2022/06/z3514687119844_16a124144686318f40dba89424e45af5.jpg]
[noithatmansion.vn/wp-content/uploads/2022/06/z3514687126549_4b6a95cb9a8d194037fd6f1855c49187.jpg]
[noithatmansion.vn/wp-content/uploads/2022/06/z3514689467310_9dc7dfa1f7fc071491d5a88e8ddee3b3.jpg]
[noithatmansion.vn/wp-content/uploads/2022/06/z3514689476248_0ca00e1ae7977c8897848df44ee73b85-700x490.jpg]
[noithatmansion.vn/san-pham/ao-so-mi-nam-500/index.html]
[noithatmansion.vn/wp-json/wp/v2/posts/1580.json]
[noithatmansion.vn/ve-dep-hoan-my-cua-noi-that-go-oc-cho-trong-tung-khong-gian/feed/index.html]
[noithatmansion.vn/wp-json/oembed/1.0/embed0bc3]
[noithatmansion.vn/ve-dep-hoan-my-cua-noi-that-go-oc-cho-trong-tung-khong-gian/index.html]
[noithatmansion.vn/wp-json/wp/v2/posts/1571.json]
[noithatmansion.vn/thiet-ke-noi-that-go-oc-cho-xung-tam-dang-cap/feed/index.html]
[noithatmansion.vn/wp-json/oembed/1.0/embed245e]
[noithatmansion.vn/thiet-ke-noi-that-go-oc-cho-xung-tam-dang-cap/index.html]
[noithatmansion.vn/wp-json/wp/v2/posts/1537.json]
[noithatmansion.vn/go-oc-cho-va-nhung-ung-dung-trong-noi-that/feed/index.html]
[noithatmansion.vn/wp-json/oembed/1.0/embedf055.json]
[noithatmansion.vn/wp-json/oembed/1.0/embedc8ec]
[noithatmansion.vn/go-oc-cho-va-nhung-ung-dung-trong-noi-that/index.html]
[noithatmansion.vn/category/tin-tuc/du-an/page/1/index.html]
[noithatmansion.vn/index628b.html]
[noithatmansion.vn/wp-json/wp/v2/posts/1598.json]
[noithatmansion.vn/den-trang-tri-trong-noi-that-go-oc-cho-cao-cap/feed/index.html]
[noithatmansion.vn/wp-json/oembed/1.0/embed9ccf.json]
[noithatmansion.vn/wp-json/oembed/1.0/embed620a]
[noithatmansion.vn/den-trang-tri-trong-noi-that-go-oc-cho-cao-cap/index.html]
[noithatmansion.vn/index6ca8.html]
[noithatmansion.vn/wp-json/wp/v2/posts/1770.json]
[noithatmansion.vn/noi-that-go-oc-cho-cao-cap-ve-dep-co-dien-khang-dinh-dang-cap-gia-chu/feed/index.html]
[noithatmansion.vn/wp-json/oembed/1.0/embed7697.json]
[noithatmansion.vn/wp-json/oembed/1.0/embed1e3b]
[noithatmansion.vn/noi-that-go-oc-cho-cao-cap-ve-dep-co-dien-khang-dinh-dang-cap-gia-chu/index.html]
[noithatmansion.vn/wp-json/wp/v2/posts/1844.json]
[noithatmansion.vn/nhung-mau-phong-khach-biet-thu-dep/feed/index.html]
[noithatmansion.vn/wp-json/oembed/1.0/embed485b.json]
[noithatmansion.vn/wp-json/oembed/1.0/embedadbe]
[noithatmansion.vn/nhung-mau-phong-khach-biet-thu-dep/index.html]
[noithatmansion.vn/index9437.html]
[noithatmansion.vn/noi-that-go-tu-nhien-cho-phong-khach/feed/index.html]
[noithatmansion.vn/wp-json/wp/v2/posts/1746.json]
[noithatmansion.vn/noi-that-biet-thu-nen-su-dung-nguyen-vat-lieu-go-gi/index.html]
[noithatmansion.vn/wp-json/oembed/1.0/embedabd4.json]
[noithatmansion.vn/wp-json/oembed/1.0/embedfe3b]
[noithatmansion.vn/thiet-ke-nha-dep-voi-noi-that-go-tu-nhien/index.html]
[noithatmansion.vn/indexc73b.html]
[noithatmansion.vn/index7418.html]
[noithatmansion.vn/cac-mau-sofa-go-oc-cho-duoc-ua-chuong-nhat-tren-thi-truong-hien-nay/feed/index.html]
[noithatmansion.vn/sofa-go-oc-cho-sieu-pham-moi-cua-gioi-thuong-luu-nam-2022/index.html]
[noithatmansion.vn/wp-json/wp/v2/posts/1686.json]
[noithatmansion.vn/wp-json/oembed/1.0/embed64b1.json]
[noithatmansion.vn/wp-json/oembed/1.0/embed2cda]
[noithatmansion.vn/cac-mau-sofa-go-oc-cho-duoc-ua-chuong-nhat-tren-thi-truong-hien-nay/index.html]
[noithatmansion.vn/index8042.html]
[noithatmansion.vn/index4fb0.html]
[noithatmansion.vn/index325f.html]
[noithatmansion.vn/category/tin-tuc/cau-chuyen-khong-gian/page/2/index.html]
[noithatmansion.vn/category/tin-tuc/cau-chuyen-khong-gian/page/3/index.html]
[noithatmansion.vn/ve-dep-dac-biet-cua-bo-ban-ghe-go-oc-cho-xu-huong-noi-that-the-ky-21/index.html]
[noithatmansion.vn/sieu-biet-thu-thanh-hoa-khong-gian-xa-hoa-diem-le-thang-hoa-cam-xuc/feed/index.html]
[noithatmansion.vn/wp-json/wp/v2/posts/1062.json]
[noithatmansion.vn/wp-json/oembed/1.0/embedafc8.json]
[noithatmansion.vn/wp-json/oembed/1.0/embedf778]
[noithatmansion.vn/sieu-biet-thu-thanh-hoa-khong-gian-xa-hoa-diem-le-thang-hoa-cam-xuc/index.html]
[noithatmansion.vn/wp-json/wp/v2/posts/1034.json]
[noithatmansion.vn/nha-pho-cau-giay/feed/index.html]
[noithatmansion.vn/wp-json/oembed/1.0/embed4bd1.json]
[noithatmansion.vn/wp-json/oembed/1.0/embed1695]
[noithatmansion.vn/nha-pho-cau-giay/index.html]
[noithatmansion.vn/category/tin-tuc/thong-tin-noi-bat/page/2/index.html]
[noithatmansion.vn/category/tin-tuc/thong-tin-noi-bat/page/3/index.html]
[noithatmansion.vn/category/tin-tuc/thong-tin-noi-bat/page/4/index.html]
[noithatmansion.vn/mot-bo-sofa-go-oc-cho-gia-bao-nhieu-va-nhung-dieu-can-biet/index.html]
[noithatmansion.vn/category/tin-tuc/page/2/index.html]
[noithatmansion.vn/tong-hop-tat-ca-nhung-dieu-ban-can-biet-ve-go-veneer-oc-cho/index.html]
[noithatmansion.vn/category/tin-tuc/page/3/index.html]
[noithatmansion.vn/tieu-chi-lua-chon-don-vi-thi-cong-noi-that-va-san-xuat-uy-tin/index.html]
[noithatmansion.vn/category/tin-tuc/page/4/index.html]
[noithatmansion.vn/category/tin-tuc/page/6/index.html]
[noithatmansion.vn/category/tin-tuc/page/5/index.html]
[noithatmansion.vn/mau-thiet-ke-noi-that-nha-pho-hien-dai-dep-mat/index.html]
[noithatmansion.vn/nhung-luu-y-khi-thiet-ke-nha-nho-dep/index.html]
[noithatmansion.vn/4-tieu-chi-giup-ban-lua-chon-cua-hang-noi-that-go-uy-tin/feed/index.html]
[noithatmansion.vn/wp-json/wp/v2/posts/1760.json]
[noithatmansion.vn/giuong-go-oc-cho-gia-bao-nhieu-cach-danh-gia-go-oc-cho/index.html]
[noithatmansion.vn/wp-json/oembed/1.0/embedbb17.json]
[noithatmansion.vn/wp-json/oembed/1.0/embed8023]
[noithatmansion.vn/4-tieu-chi-giup-ban-lua-chon-cua-hang-noi-that-go-uy-tin/index.html]
[noithatmansion.vn/wp-content/plugins/woocommerce/assets/css/photoswipe/default-skin/default-skin.svg]
[noithatmansion.vn/index6041.html]
[noithatmansion.vn/index5d9e.html]
[noithatmansion.vn/indexc3e0.html]
[noithatmansion.vn/index258b.html]
[noithatmansion.vn/index4e88.html]
[noithatmansion.vn/index42c4.html]
[noithatmansion.vn/index99ea.html]
[noithatmansion.vn/index1c3e.html]
[noithatmansion.vn/indexca4d.html]
[noithatmansion.vn/indexcbbb.html]
[noithatmansion.vn/noi-that-biet-thu-nen-su-dung-nguyen-vat-lieu-go-gi/feed/index.html]
[noithatmansion.vn/wp-json/oembed/1.0/embed067d]
[noithatmansion.vn/wp-json/oembed/1.0/embed07b4]
[noithatmansion.vn/wp-json/wp/v2/posts/1738.json]
[noithatmansion.vn/wp-json/oembed/1.0/embede91b.json]
[noithatmansion.vn/wp-json/oembed/1.0/embed75fc]
[noithatmansion.vn/noi-that-biet-thu-nen-su-dung-nguyen-vat-lieu-go-gi/index.html]
[noithatmansion.vn/index807c.html]
[noithatmansion.vn/thiet-ke-nha-dep-voi-noi-that-go-tu-nhien/feed/index.html]
[noithatmansion.vn/sofa-go-oc-cho-sieu-pham-moi-cua-gioi-thuong-luu-nam-2022/feed/index.html]
[noithatmansion.vn/wp-json/wp/v2/posts/1623.json]
[noithatmansion.vn/wp-json/oembed/1.0/embed3452.json]
[noithatmansion.vn/wp-json/oembed/1.0/embed09ed]
[noithatmansion.vn/sofa-go-oc-cho-sieu-pham-moi-cua-gioi-thuong-luu-nam-2022/index.html]
[noithatmansion.vn/index08ac.html]
[noithatmansion.vn/wp-json/wp/v2/posts/1893.json]
[noithatmansion.vn/ve-dep-dac-biet-cua-bo-ban-ghe-go-oc-cho-xu-huong-noi-that-the-ky-21/feed/index.html]
[noithatmansion.vn/wp-json/oembed/1.0/embedc8a2.json]
[noithatmansion.vn/wp-json/oembed/1.0/embed1924]
[noithatmansion.vn/ve-dep-dac-biet-cua-bo-ban-ghe-go-oc-cho-xu-huong-noi-that-the-ky-21/index.html]
[noithatmansion.vn/category/tin-tuc/cau-chuyen-khong-gian/page/1/index.html]
[noithatmansion.vn/index942e.html]
[noithatmansion.vn/indexff6b.html]
[noithatmansion.vn/wp-json/wp/v2/posts/1903.json]
[noithatmansion.vn/mot-bo-sofa-go-oc-cho-gia-bao-nhieu-va-nhung-dieu-can-biet/feed/index.html]
[noithatmansion.vn/wp-json/oembed/1.0/embed70c0.json]
[noithatmansion.vn/wp-json/oembed/1.0/embedb14d]
[noithatmansion.vn/mot-bo-sofa-go-oc-cho-gia-bao-nhieu-va-nhung-dieu-can-biet/index.html]
[noithatmansion.vn/category/tin-tuc/thong-tin-noi-bat/page/1/index.html]
[noithatmansion.vn/wp-json/wp/v2/posts/1814.json]
[noithatmansion.vn/tong-hop-tat-ca-nhung-dieu-ban-can-biet-ve-go-veneer-oc-cho/feed/index.html]
[noithatmansion.vn/wp-json/oembed/1.0/embed33b3.json]
[noithatmansion.vn/wp-json/oembed/1.0/embedb148]
[noithatmansion.vn/tong-hop-tat-ca-nhung-dieu-ban-can-biet-ve-go-veneer-oc-cho/index.html]
[noithatmansion.vn/tieu-chi-lua-chon-don-vi-thi-cong-noi-that-va-san-xuat-uy-tin/feed/index.html]
[noithatmansion.vn/wp-json/wp/v2/posts/1615.json]
[noithatmansion.vn/xuong-san-xuat-noi-that-go-oc-cho-gia-xuat-xuong-uy-tin-2022/index.html]
[noithatmansion.vn/wp-json/oembed/1.0/embeda9b8.json]
[noithatmansion.vn/wp-json/oembed/1.0/embed33fd]
[noithatmansion.vn/tieu-chi-lua-chon-don-vi-thi-cong-noi-that-va-san-xuat-uy-tin/index.html]
[noithatmansion.vn/category/tin-tuc/page/1/index.html]
[noithatmansion.vn/category/tin-tuc/page/5/index.html]
[noithatmansion.vn/mau-thiet-ke-noi-that-nha-pho-hien-dai-dep-mat/feed/index.html]
[noithatmansion.vn/mau-thiet-ke-noi-that-nha-pho-dep-hien-dai-noi-bat980/index.html]
[noithatmansion.vn/wp-json/wp/v2/posts/978.json]
[noithatmansion.vn/xu-huong-thiet-ke-kien-truc-canh-quan-hien-dai/index.html]
[noithatmansion.vn/wp-json/oembed/1.0/embed1fd6.json]
[noithatmansion.vn/wp-json/oembed/1.0/embed5710]
[noithatmansion.vn/mau-thiet-ke-noi-that-nha-pho-hien-dai-dep-mat/index.html]
[noithatmansion.vn/wp-json/wp/v2/posts/976.json]
[noithatmansion.vn/nhung-luu-y-khi-thiet-ke-nha-nho-dep/feed/index.html]
[noithatmansion.vn/wp-json/oembed/1.0/embed75e2.json]
[noithatmansion.vn/wp-json/oembed/1.0/embed1a53]
[noithatmansion.vn/nhung-luu-y-khi-thiet-ke-nha-nho-dep/index.html]
[noithatmansion.vn/wp-json/wp/v2/posts/961.json]
[noithatmansion.vn/giuong-go-oc-cho-gia-bao-nhieu-cach-danh-gia-go-oc-cho/feed/index.html]
[noithatmansion.vn/wp-json/oembed/1.0/embed44f8.json]
[noithatmansion.vn/wp-json/oembed/1.0/embeddb15]
[noithatmansion.vn/giuong-go-oc-cho-gia-bao-nhieu-cach-danh-gia-go-oc-cho/index.html]
[noithatmansion.vn/indexfa5e.html]
[noithatmansion.vn/index8e28.html]
[noithatmansion.vn/index736e.html]
[noithatmansion.vn/index7a41.html]
[noithatmansion.vn/index9af6.html]
[noithatmansion.vn/indexc0e8.html]
[noithatmansion.vn/xuong-san-xuat-noi-that-go-oc-cho-gia-xuat-xuong-uy-tin-2022/feed/index.html]
[noithatmansion.vn/2022/06/29/giuong-go-oc-cho-gia-bao-nhieu-cach-danh-gia-go-oc-cho/index.html]
[noithatmansion.vn/wp-json/wp/v2/posts/1705.json]
[noithatmansion.vn/wp-json/oembed/1.0/embedafbf.json]
[noithatmansion.vn/wp-json/oembed/1.0/embed64eb]
[noithatmansion.vn/xuong-san-xuat-noi-that-go-oc-cho-gia-xuat-xuong-uy-tin-2022/index.html]
[noithatmansion.vn/indexad4d.html]
[noithatmansion.vn/wp-json/wp/v2/posts/982.json]
[noithatmansion.vn/xu-huong-thiet-ke-kien-truc-canh-quan-hien-dai/feed/index.html]
[noithatmansion.vn/wp-json/oembed/1.0/embede12f.json]
[noithatmansion.vn/wp-json/oembed/1.0/embed52d9]
[noithatmansion.vn/xu-huong-thiet-ke-kien-truc-canh-quan-hien-dai/index.html]
[noithatmansion.vn/wp-json/wp/v2/posts/980.json]
[noithatmansion.vn/mau-thiet-ke-noi-that-nha-pho-dep-hien-dai-noi-bat980/feed/index.html]
[noithatmansion.vn/wp-json/oembed/1.0/embed20c1.json]
[noithatmansion.vn/wp-json/oembed/1.0/embedf8e7]
[noithatmansion.vn/mau-thiet-ke-noi-that-nha-pho-dep-hien-dai-noi-bat980/index.html]
[noithatmansion.vn/index3c3e.html]
[noithatmansion.vn/indexf8c8.html]
[noithatmansion.vn/indexf14d.html]
[noithatmansion.vn/2022/06/29/giuong-go-oc-cho-gia-bao-nhieu-cach-danh-gia-go-oc-cho/index.html]
[noithatmansion.vn/indexde80.html]
[noithatmansion.vn/index0849.html]
[noithatmansion.vn/indexca89.html]
